--- Log Reset 2026-04-09 10:21:01.633047 ---
2026-04-09 10:21:01,703 - [MOMENT_SCHEDULER] --- ПЛАНУВАЛЬНИК ЗАПУЩЕНО (Очікування 09:00) ---
2026-04-09 10:21:39,145 - [MOMENT_SCHEDULER] --- ПЛАНУВАЛЬНИК ЗАПУЩЕНО (Очікування 09:00) ---
2026-04-09 11:01:39,596 - [MOMENT_SCHEDULER] --- ПЛАНУВАЛЬНИК ЗАПУЩЕНО (Очікування 09:00) ---
2026-04-09 11:14:05,891 - [MOMENT_SCHEDULER] --- ПЛАНУВАЛЬНИК ЗАПУЩЕНО (Очікування 09:00) ---
2026-04-09 11:22:52,836 - [MOMENT_SCHEDULER] --- ПЛАНУВАЛЬНИК ЗАПУЩЕНО (Очікування 09:00) ---
2026-04-09 11:24:05,111 - [MOMENT_SCHEDULER] --- ПЛАНУВАЛЬНИК ЗАПУЩЕНО (Очікування 09:00) ---
2026-04-09 11:24:34,657 - [MOMENT_SCHEDULER] --- ПЛАНУВАЛЬНИК ЗАПУЩЕНО (Очікування 09:00) ---
2026-04-09 11:24:35,159 - [MOMENT_SCHEDULER] --- ПЛАНУВАЛЬНИК ЗАПУЩЕНО (Очікування 09:00) ---
2026-04-09 11:24:57,552 - [MOMENT_SCHEDULER] --- ПЛАНУВАЛЬНИК ЗАПУЩЕНО (Очікування 09:00) ---
2026-04-09 11:24:57,897 - [MOMENT_SCHEDULER] --- ПЛАНУВАЛЬНИК ЗАПУЩЕНО (Очікування 09:00) ---
2026-04-09 11:25:13,606 - [MOMENT_SCHEDULER] --- ПЛАНУВАЛЬНИК ЗАПУЩЕНО (Очікування 09:00) ---
2026-04-09 11:26:06,647 - [MOMENT_SCHEDULER] --- ПЛАНУВАЛЬНИК ЗАПУЩЕНО (Очікування 09:00) ---
2026-04-09 11:28:44,462 - [MOMENT_SCHEDULER] --- ПЛАНУВАЛЬНИК ЗАПУЩЕНО (Очікування 09:00) ---
2026-04-09 11:32:47,230 - [MOMENT_SCHEDULER] --- ПЛАНУВАЛЬНИК ЗАПУЩЕНО (Очікування 09:00) ---
2026-04-09 11:33:31,781 - [MOMENT_SCHEDULER] --- ПЛАНУВАЛЬНИК ЗАПУЩЕНО (Очікування 09:00) ---
2026-04-09 11:35:09,454 - [MOMENT_SCHEDULER] --- ПЛАНУВАЛЬНИК ЗАПУЩЕНО (Очікування 09:00) ---
2026-04-09 11:37:00,069 - [MOMENT_SCHEDULER] --- ПЛАНУВАЛЬНИК ЗАПУЩЕНО (Очікування 09:00) ---
2026-04-09 11:37:37,218 - [MOMENT_SCHEDULER] --- ПЛАНУВАЛЬНИК ЗАПУЩЕНО (Очікування 09:00) ---
2026-04-09 11:38:32,989 - [MOMENT_SCHEDULER] --- ПЛАНУВАЛЬНИК ЗАПУЩЕНО (Очікування 09:00) ---
2026-04-09 11:47:20,811 - [MOMENT_SCHEDULER] --- ПЛАНУВАЛЬНИК ЗАПУЩЕНО (Очікування 09:00) ---
2026-04-09 11:47:53,329 - [MOMENT_SCHEDULER] --- ПЛАНУВАЛЬНИК ЗАПУЩЕНО (Очікування 09:00) ---
2026-04-09 11:50:13,701 - [MOMENT_SCHEDULER] --- ПЛАНУВАЛЬНИК ЗАПУЩЕНО (Очікування 09:00) ---
2026-04-09 11:53:17,336 - [MOMENT_SCHEDULER] --- ПЛАНУВАЛЬНИК ЗАПУЩЕНО (Очікування 09:00) ---
2026-04-09 12:02:34,868 - [MOMENT_SCHEDULER] --- ПЛАНУВАЛЬНИК ЗАПУЩЕНО (Очікування 09:00) ---
2026-04-09 12:04:23,375 - [MOMENT_SCHEDULER] --- ПЛАНУВАЛЬНИК ЗАПУЩЕНО (Очікування 09:00) ---
2026-04-09 12:06:48,817 - [MOMENT_SCHEDULER] --- ПЛАНУВАЛЬНИК ЗАПУЩЕНО (Очікування 09:00) ---
2026-04-09 12:06:57,742 - [MOMENT_SCHEDULER] --- ПЛАНУВАЛЬНИК ЗАПУЩЕНО (Очікування 09:00) ---
2026-04-09 12:08:22,409 - [MOMENT_SCHEDULER] --- ПЛАНУВАЛЬНИК ЗАПУЩЕНО (Очікування 09:00) ---
2026-04-09 12:10:03,457 - [MOMENT_SCHEDULER] --- ПЛАНУВАЛЬНИК ЗАПУЩЕНО (Очікування 09:00) ---
2026-04-09 12:20:49,487 - [MOMENT_SCHEDULER] --- ПЛАНУВАЛЬНИК ЗАПУЩЕНО (Очікування 09:00) ---
2026-04-09 12:23:58,051 - [MOMENT_SCHEDULER] --- ПЛАНУВАЛЬНИК ЗАПУЩЕНО (Очікування 09:00) ---
2026-04-09 12:26:48,733 - [MOMENT_SCHEDULER] --- ПЛАНУВАЛЬНИК ЗАПУЩЕНО (Очікування 09:00) ---
2026-04-09 12:28:44,472 - [MOMENT_SCHEDULER] --- ПЛАНУВАЛЬНИК ЗАПУЩЕНО (Очікування 09:00) ---
2026-04-09 12:29:57,099 - [MOMENT_SCHEDULER] --- ПЛАНУВАЛЬНИК ЗАПУЩЕНО (Очікування 09:00) ---
2026-04-09 12:38:27,851 - [MOMENT_SCHEDULER] --- ПЛАНУВАЛЬНИК ЗАПУЩЕНО (Очікування 09:00) ---
2026-04-09 12:43:34,855 - [MOMENT_SCHEDULER] --- ПЛАНУВАЛЬНИК ЗАПУЩЕНО (Очікування 09:00) ---
2026-04-09 12:54:45,750 - [MOMENT_SCHEDULER] --- ПЛАНУВАЛЬНИК ЗАПУЩЕНО (Очікування 09:00) ---
2026-04-09 12:56:16,456 - [MOMENT_SCHEDULER] --- ПЛАНУВАЛЬНИК ЗАПУЩЕНО (Очікування 09:00) ---
2026-04-09 12:58:12,962 - [MOMENT_SCHEDULER] --- ПЛАНУВАЛЬНИК ЗАПУЩЕНО (Очікування 09:00) ---
2026-04-09 13:12:06,486 - [MOMENT_SCHEDULER] --- ПЛАНУВАЛЬНИК ЗАПУЩЕНО (Очікування 09:00) ---
2026-04-09 13:22:28,280 - [MOMENT_SCHEDULER] --- ПЛАНУВАЛЬНИК ЗАПУЩЕНО (Очікування 09:00) ---
2026-04-09 13:25:55,731 - [MOMENT_SCHEDULER] 🚀 Починаю тест для хвилини мовчання о 09:00
2026-04-09 13:25:55,735 - [MOMENT_SCHEDULER] Тест 2026-04-09 08:59:00: очікується=False, отримано=False
2026-04-09 13:25:55,735 - [MOMENT_SCHEDULER] Тест 2026-04-09 09:00:00: очікується=True, отримано=True
2026-04-09 13:25:55,735 - [MOMENT_SCHEDULER] Тест 2026-04-09 09:00:30: очікується=False, отримано=False
2026-04-09 13:25:55,735 - [MOMENT_SCHEDULER] Тест 2026-04-09 09:01:00: очікується=False, отримано=False
2026-04-09 13:25:55,735 - [MOMENT_SCHEDULER] Тест 2026-04-10 09:00:00: очікується=True, отримано=True
2026-04-09 13:25:55,735 - [MOMENT_SCHEDULER] ✅ Тест пройдено. Логіка створення флага 09:00 працює.
2026-04-09 13:28:18,218 - [MOMENT_SCHEDULER] --- ПЛАНУВАЛЬНИК ЗАПУЩЕНО (Очікування 09:00) ---
2026-04-09 16:08:08,904 - [MOMENT_SCHEDULER] --- ПЛАНУВАЛЬНИК ЗАПУЩЕНО (Очікування 09:00) ---
2026-04-10 09:00:03,582 - [MOMENT_SCHEDULER] 🕯️ 09:00! Створюю флаг хвилини мовчання для 2026-04-10...
2026-04-10 09:00:03,586 - [MOMENT_SCHEDULER] ✅ Флаг створено. Очікуємо завтра.
did not find executable at 'C:\Users\o.samoilenko\AppData\Local\Python\pythoncore-3.14-64\python.exe': The system cannot find the path specified.

did not find executable at 'C:\Users\o.samoilenko\AppData\Local\Python\pythoncore-3.14-64\python.exe': The system cannot find the path specified.

did not find executable at 'C:\Users\o.samoilenko\AppData\Local\Python\pythoncore-3.14-64\python.exe': The system cannot find the path specified.

2026-04-14 21:25:39,046 - [MOMENT_SCHEDULER] --- ПЛАНУВАЛЬНИК ЗАПУЩЕНО (Очікування 09:00) ---
2026-04-14 21:48:50,027 - [MOMENT_SCHEDULER] --- ПЛАНУВАЛЬНИК ЗАПУЩЕНО (Очікування 09:00) ---
2026-04-14 21:48:56,851 - [MOMENT_SCHEDULER] --- ПЛАНУВАЛЬНИК ЗАПУЩЕНО (Очікування 09:00) ---
2026-04-14 21:49:30,691 - [MOMENT_SCHEDULER] --- ПЛАНУВАЛЬНИК ЗАПУЩЕНО (Очікування 09:00) ---
2026-04-14 21:50:41,237 - [MOMENT_SCHEDULER] --- ПЛАНУВАЛЬНИК ЗАПУЩЕНО (Очікування 09:00) ---
2026-04-14 21:51:18,310 - [MOMENT_SCHEDULER] --- ПЛАНУВАЛЬНИК ЗАПУЩЕНО (Очікування 09:00) ---
2026-04-14 22:22:33,457 [MOMENT_SCHEDULER] 🗑️ Старий флаг хвилини мовчання видалено при запуску
2026-04-14 22:22:33,457 [MOMENT_SCHEDULER] --- ПЛАНУВАЛЬНИК ХВИЛИНИ МОВЧАННЯ ЗАПУЩЕНО ---
2026-04-14 22:28:45,862 [MOMENT_SCHEDULER] 🗑️ Старий флаг хвилини мовчання видалено при запуску
2026-04-14 22:28:45,862 [MOMENT_SCHEDULER] --- ПЛАНУВАЛЬНИК ХВИЛИНИ МОВЧАННЯ ЗАПУЩЕНО ---
2026-04-14 22:31:03,829 [MOMENT_SCHEDULER] 🗑️ Старий флаг хвилини мовчання видалено при запуску
2026-04-14 22:31:03,829 [MOMENT_SCHEDULER] --- ПЛАНУВАЛЬНИК ХВИЛИНИ МОВЧАННЯ ЗАПУЩЕНО ---
2026-04-14 22:31:47,914 [MOMENT_SCHEDULER] 🗑️ Старий флаг хвилини мовчання видалено при запуску
2026-04-14 22:31:47,914 [MOMENT_SCHEDULER] --- ПЛАНУВАЛЬНИК ХВИЛИНИ МОВЧАННЯ ЗАПУЩЕНО ---
2026-04-14 22:35:51,889 [MOMENT_SCHEDULER] 🗑️ Старий флаг хвилини мовчання видалено при запуску
2026-04-14 22:35:51,889 [MOMENT_SCHEDULER] --- ПЛАНУВАЛЬНИК ХВИЛИНИ МОВЧАННЯ ЗАПУЩЕНО ---
2026-04-14 22:38:15,268 [MOMENT_SCHEDULER] 🗑️ Старий флаг хвилини мовчання видалено при запуску
2026-04-14 22:38:15,269 [MOMENT_SCHEDULER] --- ПЛАНУВАЛЬНИК ХВИЛИНИ МОВЧАННЯ ЗАПУЩЕНО ---
2026-04-14 22:40:22,950 [MOMENT_SCHEDULER] 🗑️ Старий флаг хвилини мовчання видалено при запуску
2026-04-14 22:40:22,950 [MOMENT_SCHEDULER] --- ПЛАНУВАЛЬНИК ХВИЛИНИ МОВЧАННЯ ЗАПУЩЕНО ---
2026-04-14 22:44:22,841 [MOMENT_SCHEDULER] 🗑️ Старий флаг хвилини мовчання видалено при запуску
2026-04-14 22:44:22,841 [MOMENT_SCHEDULER] --- ПЛАНУВАЛЬНИК ХВИЛИНИ МОВЧАННЯ ЗАПУЩЕНО ---
2026-04-14 22:46:33,853 [MOMENT_SCHEDULER] 🗑️ Старий флаг хвилини мовчання видалено при запуску
2026-04-14 22:46:33,853 [MOMENT_SCHEDULER] --- ПЛАНУВАЛЬНИК ХВИЛИНИ МОВЧАННЯ ЗАПУЩЕНО ---
2026-04-14 22:49:48,881 [MOMENT_SCHEDULER] 🗑️ Старий флаг хвилини мовчання видалено при запуску
2026-04-14 22:49:48,881 [MOMENT_SCHEDULER] --- ПЛАНУВАЛЬНИК ХВИЛИНИ МОВЧАННЯ ЗАПУЩЕНО ---
